// Jest Snapshot v1, https://goo.gl/fbAQLP

exports[`EuiTableHeaderButton is rendered 1`] = `
.emotion-0:hover .euiTableCellContent__text,
.emotion-0:focus .euiTableCellContent__text {
  color: #006BB4;
}

.emotion-0:hover .euiTableSortIcon,
.emotion-0:focus .euiTableSortIcon {
  fill: #006BB4;
}

<button
  aria-label="aria-label"
  class="euiTableHeaderButton testClass1 testClass2 emotion-0"
  data-test-subj="test subject string"
  type="button"
>
  <span />
</button>
`;
